// Jest Snapshot v1, https://goo.gl/fbAQLP

exports[`<Game /> initial state matches snapshot 1`] = `
<div
  id="game"
>
  <header>
    <h1>
      Tic-Tac-Toe
    </h1>
  </header>
  <Board
    layout={
      Array [
        Array [
          null,
          null,
          null,
        ],
        Array [
          null,
          null,
          null,
        ],
        Array [
          null,
          null,
          null,
        ],
      ]
    }
    playSquare={[Function]}
  />
  <h2>
    Current Player: 
    X
  </h2>
</div>
`;
